2016-04-06 16:20:39|action=accept|orig=11.22.33.44|inzone=Internal|outzone=Internal|rule=31|rule_name=random rule name|service_id=RPC|10.55.66.220|51223|11.20.30.40|139|proto=tcp|src_machine_name=mymachine@gama.int|snid=xxxxxx|dst_machine_name=hismachine@gama.int
2016-04-06 18:20:39|action=accept|orig=11.22.33.44|inzone=Internal|outzone=Internal|rule=31|rule_name=random rule name|service_id=MS_135|10.33.44.110|54472|12.13.14.15|135|proto=tcp|src_machine_name=mymachine@gama.int|snid=xxxxx|dst_machine_name=hismachine@gama.int
